01:11:34 **** Incremental Build of configuration Debug for project stm32f4xx_drivers ****
make -j4 all 
arm-none-eabi-gcc "../drivers/Src/gpio_driver.c" -mcpu=cortex-m4 -std=gnu11 -g3 -DSTM32 -DSTM32F4 -DSTM32F446RETx -DDEBUG -DNUCLEO_F446RE -c -I"N:/stm/STM32/stm32f4xx_drivers/drivers/Inc" -O0 -ffunction-sections -fdata-sections -Wall -fstack-usage -MMD -MP -MF"drivers/Src/gpio_driver.d" -MT"drivers/Src/gpio_driver.o" --specs=nano.specs -mfloat-abi=soft -mthumb -o "drivers/Src/gpio_driver.o"
arm-none-eabi-gcc "../drivers/Src/i2c_driver.c" -mcpu=cortex-m4 -std=gnu11 -g3 -DSTM32 -DSTM32F4 -DSTM32F446RETx -DDEBUG -DNUCLEO_F446RE -c -I"N:/stm/STM32/stm32f4xx_drivers/drivers/Inc" -O0 -ffunction-sections -fdata-sections -Wall -fstack-usage -MMD -MP -MF"drivers/Src/i2c_driver.d" -MT"drivers/Src/i2c_driver.o" --specs=nano.specs -mfloat-abi=soft -mthumb -o "drivers/Src/i2c_driver.o"
arm-none-eabi-gcc "../drivers/Src/rcc_driver.c" -mcpu=cortex-m4 -std=gnu11 -g3 -DSTM32 -DSTM32F4 -DSTM32F446RETx -DDEBUG -DNUCLEO_F446RE -c -I"N:/stm/STM32/stm32f4xx_drivers/drivers/Inc" -O0 -ffunction-sections -fdata-sections -Wall -fstack-usage -MMD -MP -MF"drivers/Src/rcc_driver.d" -MT"drivers/Src/rcc_driver.o" --specs=nano.specs -mfloat-abi=soft -mthumb -o "drivers/Src/rcc_driver.o"
arm-none-eabi-gcc "../drivers/Src/spi_driver.c" -mcpu=cortex-m4 -std=gnu11 -g3 -DSTM32 -DSTM32F4 -DSTM32F446RETx -DDEBUG -DNUCLEO_F446RE -c -I"N:/stm/STM32/stm32f4xx_drivers/drivers/Inc" -O0 -ffunction-sections -fdata-sections -Wall -fstack-usage -MMD -MP -MF"drivers/Src/spi_driver.d" -MT"drivers/Src/spi_driver.o" --specs=nano.specs -mfloat-abi=soft -mthumb -o "drivers/Src/spi_driver.o"
../drivers/Src/i2c_driver.c: In function 'I2C_MasterSendData':
../drivers/Src/i2c_driver.c:366:4: warning: this 'while' clause does not guard... [-Wmisleading-indentation]
    while ( !I2C_GetFlagStatus ( pI2Cxx, I2C_SB_FLAG ) );     //execution will be stopped here until fxn returns 1, ie SB is generated successfully.
    ^~~~~
../drivers/Src/i2c_driver.c:370:3: note: ...this statement, but the latter is misleadingly indented as if it were guarded by the 'while'
   I2C_ExecuteAddressPhaseWrite ( pI2Cxx, SlaveAddr );          //Address Phase is all about sending Slave Address or Writing Slave Address to Data Register.
   ^~~~~~~~~~~~~~~~~~~~~~~~~~~~
../drivers/Src/i2c_driver.c: In function 'I2C_MasterReceiveData':
../drivers/Src/i2c_driver.c:427:5: warning: this 'while' clause does not guard... [-Wmisleading-indentation]
     while ( !I2C_GetFlagStatus ( pI2Cx, I2C_SB_FLAG ) );
     ^~~~~
../drivers/Src/i2c_driver.c:430:4: note: ...this statement, but the latter is misleadingly indented as if it were guarded by the 'while'
    I2C_ExecuteAddressPhaseRead ( pI2Cx, SlaveAddr );
    ^~~~~~~~~~~~~~~~~~~~~~~~~~~
../drivers/Src/gpio_driver.c: In function 'GPIO_IRQHandling':
../drivers/Src/gpio_driver.c:459:24: warning: '<<' in boolean context, did you mean '<' ? [-Wint-in-bool-context]
   if ( EXTI->PR && ( 1 << PinNumber ) )      //check if Interrupt is pending or not
                    ~~~~^~~~~~~~~~~~~~
arm-none-eabi-gcc "../drivers/Src/usart_driver.c" -mcpu=cortex-m4 -std=gnu11 -g3 -DSTM32 -DSTM32F4 -DSTM32F446RETx -DDEBUG -DNUCLEO_F446RE -c -I"N:/stm/STM32/stm32f4xx_drivers/drivers/Inc" -O0 -ffunction-sections -fdata-sections -Wall -fstack-usage -MMD -MP -MF"drivers/Src/usart_driver.d" -MT"drivers/Src/usart_driver.o" --specs=nano.specs -mfloat-abi=soft -mthumb -o "drivers/Src/usart_driver.o"
arm-none-eabi-gcc "../Src/003led_button_ext.c" -mcpu=cortex-m4 -std=gnu11 -g3 -DSTM32 -DSTM32F4 -DSTM32F446RETx -DDEBUG -DNUCLEO_F446RE -c -I../Inc -I"N:/stm/STM32/stm32f4xx_drivers/drivers/Inc" -O0 -ffunction-sections -fdata-sections -Wall -fstack-usage -MMD -MP -MF"Src/003led_button_ext.d" -MT"Src/003led_button_ext.o" --specs=nano.specs -mfloat-abi=soft -mthumb -o "Src/003led_button_ext.o"
arm-none-eabi-gcc -o "stm32f4xx_drivers.elf" @"objects.list"   -mcpu=cortex-m4 -T"N:\stm\STM32\stm32f4xx_drivers\STM32F446RETX_FLASH.ld" --specs=nosys.specs -Wl,-Map="stm32f4xx_drivers.map" -Wl,--gc-sections -static --specs=nano.specs -mfloat-abi=soft -mthumb -Wl,--start-group -lc -lm -Wl,--end-group
c:\st\stm32cubeide_1.2.0\stm32cubeide\plugins\com.st.stm32cube.ide.mcu.externaltools.gnu-tools-for-stm32.7-2018-q2-update.win32_1.0.0.201904181610\tools\arm-none-eabi\bin\ld.exe: warning: cannot find entry symbol Reset_Handler; defaulting to 0000000008000000
Finished building target: stm32f4xx_drivers.elf
 
arm-none-eabi-objdump -h -S  stm32f4xx_drivers.elf  > "stm32f4xx_drivers.list"
arm-none-eabi-objcopy  -O binary  stm32f4xx_drivers.elf  "stm32f4xx_drivers.bin"
arm-none-eabi-size   stm32f4xx_drivers.elf 
   text	   data	    bss	    dec	    hex	filename
     88	      8	   1568	   1664	    680	stm32f4xx_drivers.elf
Finished building: default.size.stdout
Finished building: stm32f4xx_drivers.list
Finished building: stm32f4xx_drivers.bin
 
 
 

01:11:37 Build Finished. 0 errors, 3 warnings. (took 3s.13ms)

