spi_driver.c:25:7:SPI_PeriClockControl	16	static
spi_driver.c:70:6:SPI_Init	24	static
spi_driver.c:134:6:SPI_DeInit	16	static
spi_driver.c:175:9:SPI_GetFlagStatus	16	static
spi_driver.c:199:6:SPI_SendData	24	static
spi_driver.c:242:6:SPI_ReceiveData	24	static
spi_driver.c:285:6:SPI_PeripheralControl	16	static
spi_driver.c:312:6:SPI_SSIConfig	16	static
spi_driver.c:341:6:SPI_SSOEConfig	16	static
spi_driver.c:368:6:SPI_InterruptConfig	16	static
spi_driver.c:424:6:SPI_IRQPriorityConfig	24	static
spi_driver.c:450:9:SPI_SendDataIT	32	static
spi_driver.c:491:9:SPI_ReceiveDataIT	32	static
spi_driver.c:528:6:SPI_IRQHandling	24	static
spi_driver.c:582:13:spi_txe_interrupt_handler	16	static
spi_driver.c:617:13:spi_rxne_interrupt_handler	16	static
spi_driver.c:645:14:spi_over_err_interrupt_handler	24	static
spi_driver.c:659:6:SPI_CloseTransmisson	16	static
spi_driver.c:668:6:SPI_CloseReception	16	static
spi_driver.c:677:6:SPI_ClearOVRFlag	24	static
spi_driver.c:687:13:SPI_ApplicationEventCallback	16	static
