Archive member included to satisfy reference by file (symbol)

c:/st/stm32cubeide_1.2.0/stm32cubeide/plugins/com.st.stm32cube.ide.mcu.externaltools.gnu-tools-for-stm32.7-2018-q2-update.win32_1.0.0.201904181610/tools/bin/../lib/gcc/arm-none-eabi/7.3.1/../../../../arm-none-eabi/lib/thumb/v7e-m\libc_nano.a(lib_a-exit.o)
                              c:/st/stm32cubeide_1.2.0/stm32cubeide/plugins/com.st.stm32cube.ide.mcu.externaltools.gnu-tools-for-stm32.7-2018-q2-update.win32_1.0.0.201904181610/tools/bin/../lib/gcc/arm-none-eabi/7.3.1/../../../../arm-none-eabi/lib/thumb/v7e-m/crt0.o (exit)
c:/st/stm32cubeide_1.2.0/stm32cubeide/plugins/com.st.stm32cube.ide.mcu.externaltools.gnu-tools-for-stm32.7-2018-q2-update.win32_1.0.0.201904181610/tools/bin/../lib/gcc/arm-none-eabi/7.3.1/../../../../arm-none-eabi/lib/thumb/v7e-m\libc_nano.a(lib_a-impure.o)
                              c:/st/stm32cubeide_1.2.0/stm32cubeide/plugins/com.st.stm32cube.ide.mcu.externaltools.gnu-tools-for-stm32.7-2018-q2-update.win32_1.0.0.201904181610/tools/bin/../lib/gcc/arm-none-eabi/7.3.1/../../../../arm-none-eabi/lib/thumb/v7e-m\libc_nano.a(lib_a-exit.o) (_global_impure_ptr)
c:/st/stm32cubeide_1.2.0/stm32cubeide/plugins/com.st.stm32cube.ide.mcu.externaltools.gnu-tools-for-stm32.7-2018-q2-update.win32_1.0.0.201904181610/tools/bin/../lib/gcc/arm-none-eabi/7.3.1/../../../../arm-none-eabi/lib/thumb/v7e-m\libc_nano.a(lib_a-init.o)
                              c:/st/stm32cubeide_1.2.0/stm32cubeide/plugins/com.st.stm32cube.ide.mcu.externaltools.gnu-tools-for-stm32.7-2018-q2-update.win32_1.0.0.201904181610/tools/bin/../lib/gcc/arm-none-eabi/7.3.1/../../../../arm-none-eabi/lib/thumb/v7e-m/crt0.o (__libc_init_array)
c:/st/stm32cubeide_1.2.0/stm32cubeide/plugins/com.st.stm32cube.ide.mcu.externaltools.gnu-tools-for-stm32.7-2018-q2-update.win32_1.0.0.201904181610/tools/bin/../lib/gcc/arm-none-eabi/7.3.1/../../../../arm-none-eabi/lib/thumb/v7e-m\libc_nano.a(lib_a-memset.o)
                              c:/st/stm32cubeide_1.2.0/stm32cubeide/plugins/com.st.stm32cube.ide.mcu.externaltools.gnu-tools-for-stm32.7-2018-q2-update.win32_1.0.0.201904181610/tools/bin/../lib/gcc/arm-none-eabi/7.3.1/../../../../arm-none-eabi/lib/thumb/v7e-m/crt0.o (memset)
c:/st/stm32cubeide_1.2.0/stm32cubeide/plugins/com.st.stm32cube.ide.mcu.externaltools.gnu-tools-for-stm32.7-2018-q2-update.win32_1.0.0.201904181610/tools/bin/../lib/gcc/arm-none-eabi/7.3.1/../../../../arm-none-eabi/lib/thumb/v7e-m\libnosys.a(_exit.o)
                              c:/st/stm32cubeide_1.2.0/stm32cubeide/plugins/com.st.stm32cube.ide.mcu.externaltools.gnu-tools-for-stm32.7-2018-q2-update.win32_1.0.0.201904181610/tools/bin/../lib/gcc/arm-none-eabi/7.3.1/../../../../arm-none-eabi/lib/thumb/v7e-m\libc_nano.a(lib_a-exit.o) (_exit)

Discarded input sections

 .text          0x0000000000000000        0x0 c:/st/stm32cubeide_1.2.0/stm32cubeide/plugins/com.st.stm32cube.ide.mcu.externaltools.gnu-tools-for-stm32.7-2018-q2-update.win32_1.0.0.201904181610/tools/bin/../lib/gcc/arm-none-eabi/7.3.1/thumb/v7e-m/crti.o
 .data          0x0000000000000000        0x0 c:/st/stm32cubeide_1.2.0/stm32cubeide/plugins/com.st.stm32cube.ide.mcu.externaltools.gnu-tools-for-stm32.7-2018-q2-update.win32_1.0.0.201904181610/tools/bin/../lib/gcc/arm-none-eabi/7.3.1/thumb/v7e-m/crti.o
 .bss           0x0000000000000000        0x0 c:/st/stm32cubeide_1.2.0/stm32cubeide/plugins/com.st.stm32cube.ide.mcu.externaltools.gnu-tools-for-stm32.7-2018-q2-update.win32_1.0.0.201904181610/tools/bin/../lib/gcc/arm-none-eabi/7.3.1/thumb/v7e-m/crti.o
 .data          0x0000000000000000        0x4 c:/st/stm32cubeide_1.2.0/stm32cubeide/plugins/com.st.stm32cube.ide.mcu.externaltools.gnu-tools-for-stm32.7-2018-q2-update.win32_1.0.0.201904181610/tools/bin/../lib/gcc/arm-none-eabi/7.3.1/thumb/v7e-m/crtbegin.o
 .text          0x0000000000000000       0x74 c:/st/stm32cubeide_1.2.0/stm32cubeide/plugins/com.st.stm32cube.ide.mcu.externaltools.gnu-tools-for-stm32.7-2018-q2-update.win32_1.0.0.201904181610/tools/bin/../lib/gcc/arm-none-eabi/7.3.1/../../../../arm-none-eabi/lib/thumb/v7e-m/crt0.o
 .data          0x0000000000000000        0x0 c:/st/stm32cubeide_1.2.0/stm32cubeide/plugins/com.st.stm32cube.ide.mcu.externaltools.gnu-tools-for-stm32.7-2018-q2-update.win32_1.0.0.201904181610/tools/bin/../lib/gcc/arm-none-eabi/7.3.1/../../../../arm-none-eabi/lib/thumb/v7e-m/crt0.o
 .bss           0x0000000000000000        0x0 c:/st/stm32cubeide_1.2.0/stm32cubeide/plugins/com.st.stm32cube.ide.mcu.externaltools.gnu-tools-for-stm32.7-2018-q2-update.win32_1.0.0.201904181610/tools/bin/../lib/gcc/arm-none-eabi/7.3.1/../../../../arm-none-eabi/lib/thumb/v7e-m/crt0.o
 .ARM.extab     0x0000000000000000        0x0 c:/st/stm32cubeide_1.2.0/stm32cubeide/plugins/com.st.stm32cube.ide.mcu.externaltools.gnu-tools-for-stm32.7-2018-q2-update.win32_1.0.0.201904181610/tools/bin/../lib/gcc/arm-none-eabi/7.3.1/../../../../arm-none-eabi/lib/thumb/v7e-m/crt0.o
 .ARM.exidx     0x0000000000000000        0x8 c:/st/stm32cubeide_1.2.0/stm32cubeide/plugins/com.st.stm32cube.ide.mcu.externaltools.gnu-tools-for-stm32.7-2018-q2-update.win32_1.0.0.201904181610/tools/bin/../lib/gcc/arm-none-eabi/7.3.1/../../../../arm-none-eabi/lib/thumb/v7e-m/crt0.o
 .ARM.attributes
                0x0000000000000000       0x1c c:/st/stm32cubeide_1.2.0/stm32cubeide/plugins/com.st.stm32cube.ide.mcu.externaltools.gnu-tools-for-stm32.7-2018-q2-update.win32_1.0.0.201904181610/tools/bin/../lib/gcc/arm-none-eabi/7.3.1/../../../../arm-none-eabi/lib/thumb/v7e-m/crt0.o
 .group         0x0000000000000000        0xc Src/003led_button_ext.o
 .group         0x0000000000000000        0xc Src/003led_button_ext.o
 .group         0x0000000000000000        0xc Src/003led_button_ext.o
 .group         0x0000000000000000        0xc Src/003led_button_ext.o
 .group         0x0000000000000000        0xc Src/003led_button_ext.o
 .group         0x0000000000000000        0xc Src/003led_button_ext.o
 .group         0x0000000000000000        0xc Src/003led_button_ext.o
 .group         0x0000000000000000        0xc Src/003led_button_ext.o
 .group         0x0000000000000000        0xc Src/003led_button_ext.o
 .group         0x0000000000000000        0xc Src/003led_button_ext.o
 .group         0x0000000000000000        0xc Src/003led_button_ext.o
 .group         0x0000000000000000        0xc Src/003led_button_ext.o
 .text          0x0000000000000000        0x0 Src/003led_button_ext.o
 .data          0x0000000000000000        0x0 Src/003led_button_ext.o
 .bss           0x0000000000000000        0x0 Src/003led_button_ext.o
 .text.delay    0x0000000000000000       0x28 Src/003led_button_ext.o
 .text.main     0x0000000000000000       0x78 Src/003led_button_ext.o
 .debug_info    0x0000000000000000      0x219 Src/003led_button_ext.o
 .debug_abbrev  0x0000000000000000       0xd0 Src/003led_button_ext.o
 .debug_aranges
                0x0000000000000000       0x28 Src/003led_button_ext.o
 .debug_ranges  0x0000000000000000       0x18 Src/003led_button_ext.o
 .debug_macro   0x0000000000000000       0xc1 Src/003led_button_ext.o
 .debug_macro   0x0000000000000000      0xa66 Src/003led_button_ext.o
 .debug_macro   0x0000000000000000       0x22 Src/003led_button_ext.o
 .debug_macro   0x0000000000000000       0x8e Src/003led_button_ext.o
 .debug_macro   0x0000000000000000       0x51 Src/003led_button_ext.o
 .debug_macro   0x0000000000000000       0xef Src/003led_button_ext.o
 .debug_macro   0x0000000000000000       0x6a Src/003led_button_ext.o
 .debug_macro   0x0000000000000000      0x1df Src/003led_button_ext.o
 .debug_macro   0x0000000000000000      0x6d8 Src/003led_button_ext.o
 .debug_macro   0x0000000000000000      0x11e Src/003led_button_ext.o
 .debug_macro   0x0000000000000000       0xb8 Src/003led_button_ext.o
 .debug_macro   0x0000000000000000       0x94 Src/003led_button_ext.o
 .debug_macro   0x0000000000000000       0xb2 Src/003led_button_ext.o
 .debug_line    0x0000000000000000      0x446 Src/003led_button_ext.o
 .debug_str     0x0000000000000000     0x6705 Src/003led_button_ext.o
 .comment       0x0000000000000000       0x7c Src/003led_button_ext.o
 .debug_frame   0x0000000000000000       0x58 Src/003led_button_ext.o
 .ARM.attributes
                0x0000000000000000       0x33 Src/003led_button_ext.o
 .group         0x0000000000000000        0xc drivers/Src/gpio_driver.o
 .group         0x0000000000000000        0xc drivers/Src/gpio_driver.o
 .group         0x0000000000000000        0xc drivers/Src/gpio_driver.o
 .group         0x0000000000000000        0xc drivers/Src/gpio_driver.o
 .group         0x0000000000000000        0xc drivers/Src/gpio_driver.o
 .group         0x0000000000000000        0xc drivers/Src/gpio_driver.o
 .group         0x0000000000000000        0xc drivers/Src/gpio_driver.o
 .group         0x0000000000000000        0xc drivers/Src/gpio_driver.o
 .group         0x0000000000000000        0xc drivers/Src/gpio_driver.o
 .group         0x0000000000000000        0xc drivers/Src/gpio_driver.o
 .group         0x0000000000000000        0xc drivers/Src/gpio_driver.o
 .group         0x0000000000000000        0xc drivers/Src/gpio_driver.o
 .text          0x0000000000000000        0x0 drivers/Src/gpio_driver.o
 .data          0x0000000000000000        0x0 drivers/Src/gpio_driver.o
 .bss           0x0000000000000000        0x0 drivers/Src/gpio_driver.o
 .text.GPIO_Init
                0x0000000000000000      0x358 drivers/Src/gpio_driver.o
 .text.GPIO_DeInit
                0x0000000000000000      0x144 drivers/Src/gpio_driver.o
 .text.GPIO_PeriClockControl
                0x0000000000000000      0x1a4 drivers/Src/gpio_driver.o
 .text.GPIO_ReadFromInputPort
                0x0000000000000000       0x1a drivers/Src/gpio_driver.o
 .text.GPIO_ReadFromInputPin
                0x0000000000000000       0x2a drivers/Src/gpio_driver.o
 .text.GPIO_WriteToOutputPort
                0x0000000000000000       0x1c drivers/Src/gpio_driver.o
 .text.GPIO_WriteToOutputPin
                0x0000000000000000       0x4e drivers/Src/gpio_driver.o
 .text.GPIO_ToggleOutputPin
                0x0000000000000000       0x28 drivers/Src/gpio_driver.o
 .text.GPIO_InterruptConfig
                0x0000000000000000      0x10c drivers/Src/gpio_driver.o
 .text.GPIO_IRQHandling
                0x0000000000000000       0x40 drivers/Src/gpio_driver.o
 .text.GPIO_IRQPriorityConfig
                0x0000000000000000       0x54 drivers/Src/gpio_driver.o
 .text.getportcode
                0x0000000000000000       0x94 drivers/Src/gpio_driver.o
 .debug_info    0x0000000000000000      0x793 drivers/Src/gpio_driver.o
 .debug_abbrev  0x0000000000000000      0x141 drivers/Src/gpio_driver.o
 .debug_aranges
                0x0000000000000000       0x78 drivers/Src/gpio_driver.o
 .debug_ranges  0x0000000000000000       0x68 drivers/Src/gpio_driver.o
 .debug_macro   0x0000000000000000       0xb9 drivers/Src/gpio_driver.o
 .debug_macro   0x0000000000000000      0xa66 drivers/Src/gpio_driver.o
 .debug_macro   0x0000000000000000       0x22 drivers/Src/gpio_driver.o
 .debug_macro   0x0000000000000000       0x8e drivers/Src/gpio_driver.o
 .debug_macro   0x0000000000000000       0x51 drivers/Src/gpio_driver.o
 .debug_macro   0x0000000000000000       0xef drivers/Src/gpio_driver.o
 .debug_macro   0x0000000000000000       0x6a drivers/Src/gpio_driver.o
 .debug_macro   0x0000000000000000      0x1df drivers/Src/gpio_driver.o
 .debug_macro   0x0000000000000000      0x6d8 drivers/Src/gpio_driver.o
 .debug_macro   0x0000000000000000       0xb2 drivers/Src/gpio_driver.o
 .debug_macro   0x0000000000000000       0x94 drivers/Src/gpio_driver.o
 .debug_macro   0x0000000000000000       0xb2 drivers/Src/gpio_driver.o
 .debug_macro   0x0000000000000000      0x11e drivers/Src/gpio_driver.o
 .debug_line    0x0000000000000000      0x61f drivers/Src/gpio_driver.o
 .debug_str     0x0000000000000000     0x69da drivers/Src/gpio_driver.o
 .comment       0x0000000000000000       0x7c drivers/Src/gpio_driver.o
 .debug_frame   0x0000000000000000      0x1f0 drivers/Src/gpio_driver.o
 .ARM.attributes
                0x0000000000000000       0x33 drivers/Src/gpio_driver.o
 .group         0x0000000000000000        0xc drivers/Src/i2c_driver.o
 .group         0x0000000000000000        0xc drivers/Src/i2c_driver.o
 .group         0x0000000000000000        0xc drivers/Src/i2c_driver.o
 .group         0x0000000000000000        0xc drivers/Src/i2c_driver.o
 .group         0x0000000000000000        0xc drivers/Src/i2c_driver.o
 .group         0x0000000000000000        0xc drivers/Src/i2c_driver.o
 .group         0x0000000000000000        0xc drivers/Src/i2c_driver.o
 .group         0x0000000000000000        0xc drivers/Src/i2c_driver.o
 .group         0x0000000000000000        0xc drivers/Src/i2c_driver.o
 .group         0x0000000000000000        0xc drivers/Src/i2c_driver.o
 .group         0x0000000000000000        0xc drivers/Src/i2c_driver.o
 .group         0x0000000000000000        0xc drivers/Src/i2c_driver.o
 .text          0x0000000000000000        0x0 drivers/Src/i2c_driver.o
 .data          0x0000000000000000        0x0 drivers/Src/i2c_driver.o
 .bss           0x0000000000000000        0x0 drivers/Src/i2c_driver.o
 .text.I2C_GenerateStartCondition
                0x0000000000000000       0x1e drivers/Src/i2c_driver.o
 .text.I2C_ExecuteAddressPhaseWrite
                0x0000000000000000       0x2a drivers/Src/i2c_driver.o
 .text.I2C_ExecuteAddressPhaseRead
                0x0000000000000000       0x2a drivers/Src/i2c_driver.o
 .text.I2C_ClearADDRFlag
                0x0000000000000000       0x1e drivers/Src/i2c_driver.o
 .text.I2C_GenerateStopCondition
                0x0000000000000000       0x1e drivers/Src/i2c_driver.o
 .text.I2C_PeriClockControl
                0x0000000000000000       0xb0 drivers/Src/i2c_driver.o
 .text.I2C_Init
                0x0000000000000000      0x194 drivers/Src/i2c_driver.o
 .text.I2C1_Deinit
                0x0000000000000000       0x88 drivers/Src/i2c_driver.o
 .text.I2C_PeripheralControl
                0x0000000000000000       0x36 drivers/Src/i2c_driver.o
 .text.I2C_GetFlagStatus
                0x0000000000000000       0x26 drivers/Src/i2c_driver.o
 .text.I2C_MasterSendData
                0x0000000000000000       0xa6 drivers/Src/i2c_driver.o
 .text.I2C_MasterReceiveData
                0x0000000000000000       0xe6 drivers/Src/i2c_driver.o
 .text.I2C_ManageAcking
                0x0000000000000000       0x36 drivers/Src/i2c_driver.o
 .debug_info    0x0000000000000000      0x672 drivers/Src/i2c_driver.o
 .debug_abbrev  0x0000000000000000      0x175 drivers/Src/i2c_driver.o
 .debug_aranges
                0x0000000000000000       0x80 drivers/Src/i2c_driver.o
 .debug_ranges  0x0000000000000000       0x70 drivers/Src/i2c_driver.o
 .debug_macro   0x0000000000000000       0xb9 drivers/Src/i2c_driver.o
 .debug_macro   0x0000000000000000      0xa66 drivers/Src/i2c_driver.o
 .debug_macro   0x0000000000000000       0x22 drivers/Src/i2c_driver.o
 .debug_macro   0x0000000000000000       0x8e drivers/Src/i2c_driver.o
 .debug_macro   0x0000000000000000       0x51 drivers/Src/i2c_driver.o
 .debug_macro   0x0000000000000000       0xef drivers/Src/i2c_driver.o
 .debug_macro   0x0000000000000000       0x6a drivers/Src/i2c_driver.o
 .debug_macro   0x0000000000000000      0x1df drivers/Src/i2c_driver.o
 .debug_macro   0x0000000000000000      0x6d8 drivers/Src/i2c_driver.o
 .debug_macro   0x0000000000000000      0x11e drivers/Src/i2c_driver.o
 .debug_macro   0x0000000000000000       0xb8 drivers/Src/i2c_driver.o
 .debug_macro   0x0000000000000000       0xb2 drivers/Src/i2c_driver.o
 .debug_macro   0x0000000000000000       0x8e drivers/Src/i2c_driver.o
 .debug_line    0x0000000000000000      0x5b7 drivers/Src/i2c_driver.o
 .debug_str     0x0000000000000000     0x6929 drivers/Src/i2c_driver.o
 .comment       0x0000000000000000       0x7c drivers/Src/i2c_driver.o
 .debug_frame   0x0000000000000000      0x20c drivers/Src/i2c_driver.o
 .ARM.attributes
                0x0000000000000000       0x33 drivers/Src/i2c_driver.o
 .group         0x0000000000000000        0xc drivers/Src/rcc_driver.o
 .group         0x0000000000000000        0xc drivers/Src/rcc_driver.o
 .group         0x0000000000000000        0xc drivers/Src/rcc_driver.o
 .group         0x0000000000000000        0xc drivers/Src/rcc_driver.o
 .group         0x0000000000000000        0xc drivers/Src/rcc_driver.o
 .group         0x0000000000000000        0xc drivers/Src/rcc_driver.o
 .group         0x0000000000000000        0xc drivers/Src/rcc_driver.o
 .group         0x0000000000000000        0xc drivers/Src/rcc_driver.o
 .group         0x0000000000000000        0xc drivers/Src/rcc_driver.o
 .group         0x0000000000000000        0xc drivers/Src/rcc_driver.o
 .group         0x0000000000000000        0xc drivers/Src/rcc_driver.o
 .group         0x0000000000000000        0xc drivers/Src/rcc_driver.o
 .text          0x0000000000000000        0x0 drivers/Src/rcc_driver.o
 .data          0x0000000000000000        0x0 drivers/Src/rcc_driver.o
 .bss           0x0000000000000000        0x0 drivers/Src/rcc_driver.o
 .data.AHB_PreScaler
                0x0000000000000000       0x12 drivers/Src/rcc_driver.o
 .data.APB1_PreScaler
                0x0000000000000000        0x8 drivers/Src/rcc_driver.o
 .text.RCC_GetPCLK1Value
                0x0000000000000000       0xb4 drivers/Src/rcc_driver.o
 .text.RCC_GetPCLK2Value
                0x0000000000000000       0x10 drivers/Src/rcc_driver.o
 .text.RCC_GetPLLOutputClock
                0x0000000000000000        0xe drivers/Src/rcc_driver.o
 .debug_info    0x0000000000000000      0x348 drivers/Src/rcc_driver.o
 .debug_abbrev  0x0000000000000000       0xd2 drivers/Src/rcc_driver.o
 .debug_aranges
                0x0000000000000000       0x30 drivers/Src/rcc_driver.o
 .debug_ranges  0x0000000000000000       0x20 drivers/Src/rcc_driver.o
 .debug_macro   0x0000000000000000       0xb3 drivers/Src/rcc_driver.o
 .debug_macro   0x0000000000000000      0xa66 drivers/Src/rcc_driver.o
 .debug_macro   0x0000000000000000       0x22 drivers/Src/rcc_driver.o
 .debug_macro   0x0000000000000000       0x8e drivers/Src/rcc_driver.o
 .debug_macro   0x0000000000000000       0x51 drivers/Src/rcc_driver.o
 .debug_macro   0x0000000000000000       0xef drivers/Src/rcc_driver.o
 .debug_macro   0x0000000000000000       0x6a drivers/Src/rcc_driver.o
 .debug_macro   0x0000000000000000      0x1df drivers/Src/rcc_driver.o
 .debug_macro   0x0000000000000000      0x6d8 drivers/Src/rcc_driver.o
 .debug_macro   0x0000000000000000      0x11e drivers/Src/rcc_driver.o
 .debug_macro   0x0000000000000000       0xb8 drivers/Src/rcc_driver.o
 .debug_macro   0x0000000000000000       0x94 drivers/Src/rcc_driver.o
 .debug_macro   0x0000000000000000       0xb2 drivers/Src/rcc_driver.o
 .debug_line    0x0000000000000000      0x44d drivers/Src/rcc_driver.o
 .debug_str     0x0000000000000000     0x67ae drivers/Src/rcc_driver.o
 .comment       0x0000000000000000       0x7c drivers/Src/rcc_driver.o
 .debug_frame   0x0000000000000000       0x74 drivers/Src/rcc_driver.o
 .ARM.attributes
                0x0000000000000000       0x33 drivers/Src/rcc_driver.o
 .group         0x0000000000000000        0xc drivers/Src/spi_driver.o
 .group         0x0000000000000000        0xc drivers/Src/spi_driver.o
 .group         0x0000000000000000        0xc drivers/Src/spi_driver.o
 .group         0x0000000000000000        0xc drivers/Src/spi_driver.o
 .group         0x0000000000000000        0xc drivers/Src/spi_driver.o
 .group         0x0000000000000000        0xc drivers/Src/spi_driver.o
 .group         0x0000000000000000        0xc drivers/Src/spi_driver.o
 .group         0x0000000000000000        0xc drivers/Src/spi_driver.o
 .group         0x0000000000000000        0xc drivers/Src/spi_driver.o
 .group         0x0000000000000000        0xc drivers/Src/spi_driver.o
 .group         0x0000000000000000        0xc drivers/Src/spi_driver.o
 .group         0x0000000000000000        0xc drivers/Src/spi_driver.o
 .text          0x0000000000000000        0x0 drivers/Src/spi_driver.o
 .data          0x0000000000000000        0x0 drivers/Src/spi_driver.o
 .bss           0x0000000000000000        0x0 drivers/Src/spi_driver.o
 .text.SPI_PeriClockControl
                0x0000000000000000       0xb0 drivers/Src/spi_driver.o
 .text.SPI_Init
                0x0000000000000000       0xb2 drivers/Src/spi_driver.o
 .text.SPI_DeInit
                0x0000000000000000       0xac drivers/Src/spi_driver.o
 .text.SPI_GetFlagStatus
                0x0000000000000000       0x26 drivers/Src/spi_driver.o
 .text.SPI_SendData
                0x0000000000000000       0x72 drivers/Src/spi_driver.o
 .text.SPI_ReceiveData
                0x0000000000000000       0x72 drivers/Src/spi_driver.o
 .text.SPI_PeripheralControl
                0x0000000000000000       0x36 drivers/Src/spi_driver.o
 .text.SPI_SSIConfig
                0x0000000000000000       0x36 drivers/Src/spi_driver.o
 .text.SPI_SSOEConfig
                0x0000000000000000       0x36 drivers/Src/spi_driver.o
 .debug_info    0x0000000000000000      0x56f drivers/Src/spi_driver.o
 .debug_abbrev  0x0000000000000000      0x145 drivers/Src/spi_driver.o
 .debug_aranges
                0x0000000000000000       0x60 drivers/Src/spi_driver.o
 .debug_ranges  0x0000000000000000       0x50 drivers/Src/spi_driver.o
 .debug_macro   0x0000000000000000       0xb9 drivers/Src/spi_driver.o
 .debug_macro   0x0000000000000000      0xa66 drivers/Src/spi_driver.o
 .debug_macro   0x0000000000000000       0x22 drivers/Src/spi_driver.o
 .debug_macro   0x0000000000000000       0x8e drivers/Src/spi_driver.o
 .debug_macro   0x0000000000000000       0x51 drivers/Src/spi_driver.o
 .debug_macro   0x0000000000000000       0xef drivers/Src/spi_driver.o
 .debug_macro   0x0000000000000000       0x6a drivers/Src/spi_driver.o
 .debug_macro   0x0000000000000000      0x1df drivers/Src/spi_driver.o
 .debug_macro   0x0000000000000000      0x6d8 drivers/Src/spi_driver.o
 .debug_macro   0x0000000000000000      0x11e drivers/Src/spi_driver.o
 .debug_macro   0x0000000000000000       0x94 drivers/Src/spi_driver.o
 .debug_macro   0x0000000000000000       0xb2 drivers/Src/spi_driver.o
 .debug_macro   0x0000000000000000       0xb2 drivers/Src/spi_driver.o
 .debug_line    0x0000000000000000      0x526 drivers/Src/spi_driver.o
 .debug_str     0x0000000000000000     0x689c drivers/Src/spi_driver.o
 .comment       0x0000000000000000       0x7c drivers/Src/spi_driver.o
 .debug_frame   0x0000000000000000      0x16c drivers/Src/spi_driver.o
 .ARM.attributes
                0x0000000000000000       0x33 drivers/Src/spi_driver.o
 .group         0x0000000000000000        0xc drivers/Src/usart_driver.o
 .group         0x0000000000000000        0xc drivers/Src/usart_driver.o
 .group         0x0000000000000000        0xc drivers/Src/usart_driver.o
 .group         0x0000000000000000        0xc drivers/Src/usart_driver.o
 .group         0x0000000000000000        0xc drivers/Src/usart_driver.o
 .group         0x0000000000000000        0xc drivers/Src/usart_driver.o
 .group         0x0000000000000000        0xc drivers/Src/usart_driver.o
 .group         0x0000000000000000        0xc drivers/Src/usart_driver.o
 .group         0x0000000000000000        0xc drivers/Src/usart_driver.o
 .group         0x0000000000000000        0xc drivers/Src/usart_driver.o
 .group         0x0000000000000000        0xc drivers/Src/usart_driver.o
 .group         0x0000000000000000        0xc drivers/Src/usart_driver.o
 .text          0x0000000000000000        0x0 drivers/Src/usart_driver.o
 .data          0x0000000000000000        0x0 drivers/Src/usart_driver.o
 .bss           0x0000000000000000        0x0 drivers/Src/usart_driver.o
 .text.USART_SetBaudRate
                0x0000000000000000       0xe4 drivers/Src/usart_driver.o
 .text.USART_Init
                0x0000000000000000      0x11e drivers/Src/usart_driver.o
 .text.USART_DeInit
                0x0000000000000000       0xf8 drivers/Src/usart_driver.o
 .text.USART_PeriClockControl
                0x0000000000000000      0x140 drivers/Src/usart_driver.o
 .debug_info    0x0000000000000000      0x452 drivers/Src/usart_driver.o
 .debug_abbrev  0x0000000000000000       0xf1 drivers/Src/usart_driver.o
 .debug_aranges
                0x0000000000000000       0x38 drivers/Src/usart_driver.o
 .debug_ranges  0x0000000000000000       0x28 drivers/Src/usart_driver.o
 .debug_macro   0x0000000000000000       0xb9 drivers/Src/usart_driver.o
 .debug_macro   0x0000000000000000      0xa66 drivers/Src/usart_driver.o
 .debug_macro   0x0000000000000000       0x22 drivers/Src/usart_driver.o
 .debug_macro   0x0000000000000000       0x8e drivers/Src/usart_driver.o
 .debug_macro   0x0000000000000000       0x51 drivers/Src/usart_driver.o
 .debug_macro   0x0000000000000000       0xef drivers/Src/usart_driver.o
 .debug_macro   0x0000000000000000       0x6a drivers/Src/usart_driver.o
 .debug_macro   0x0000000000000000      0x1df drivers/Src/usart_driver.o
 .debug_macro   0x0000000000000000      0x6d8 drivers/Src/usart_driver.o
 .debug_macro   0x0000000000000000      0x11e drivers/Src/usart_driver.o
 .debug_macro   0x0000000000000000       0xb8 drivers/Src/usart_driver.o
 .debug_macro   0x0000000000000000       0x94 drivers/Src/usart_driver.o
 .debug_macro   0x0000000000000000       0xac drivers/Src/usart_driver.o
 .debug_line    0x0000000000000000      0x4f4 drivers/Src/usart_driver.o
 .debug_str     0x0000000000000000     0x6850 drivers/Src/usart_driver.o
 .comment       0x0000000000000000       0x7c drivers/Src/usart_driver.o
 .debug_frame   0x0000000000000000       0xa8 drivers/Src/usart_driver.o
 .ARM.attributes
                0x0000000000000000       0x33 drivers/Src/usart_driver.o
 .text          0x0000000000000000        0x0 c:/st/stm32cubeide_1.2.0/stm32cubeide/plugins/com.st.stm32cube.ide.mcu.externaltools.gnu-tools-for-stm32.7-2018-q2-update.win32_1.0.0.201904181610/tools/bin/../lib/gcc/arm-none-eabi/7.3.1/../../../../arm-none-eabi/lib/thumb/v7e-m\libc_nano.a(lib_a-exit.o)
 .data          0x0000000000000000        0x0 c:/st/stm32cubeide_1.2.0/stm32cubeide/plugins/com.st.stm32cube.ide.mcu.externaltools.gnu-tools-for-stm32.7-2018-q2-update.win32_1.0.0.201904181610/tools/bin/../lib/gcc/arm-none-eabi/7.3.1/../../../../arm-none-eabi/lib/thumb/v7e-m\libc_nano.a(lib_a-exit.o)
 .bss           0x0000000000000000        0x0 c:/st/stm32cubeide_1.2.0/stm32cubeide/plugins/com.st.stm32cube.ide.mcu.externaltools.gnu-tools-for-stm32.7-2018-q2-update.win32_1.0.0.201904181610/tools/bin/../lib/gcc/arm-none-eabi/7.3.1/../../../../arm-none-eabi/lib/thumb/v7e-m\libc_nano.a(lib_a-exit.o)
 .text.exit     0x0000000000000000       0x28 c:/st/stm32cubeide_1.2.0/stm32cubeide/plugins/com.st.stm32cube.ide.mcu.externaltools.gnu-tools-for-stm32.7-2018-q2-update.win32_1.0.0.201904181610/tools/bin/../lib/gcc/arm-none-eabi/7.3.1/../../../../arm-none-eabi/lib/thumb/v7e-m\libc_nano.a(lib_a-exit.o)
 .debug_frame   0x0000000000000000       0x28 c:/st/stm32cubeide_1.2.0/stm32cubeide/plugins/com.st.stm32cube.ide.mcu.externaltools.gnu-tools-for-stm32.7-2018-q2-update.win32_1.0.0.201904181610/tools/bin/../lib/gcc/arm-none-eabi/7.3.1/../../../../arm-none-eabi/lib/thumb/v7e-m\libc_nano.a(lib_a-exit.o)
 .ARM.attributes
                0x0000000000000000       0x2e c:/st/stm32cubeide_1.2.0/stm32cubeide/plugins/com.st.stm32cube.ide.mcu.externaltools.gnu-tools-for-stm32.7-2018-q2-update.win32_1.0.0.201904181610/tools/bin/../lib/gcc/arm-none-eabi/7.3.1/../../../../arm-none-eabi/lib/thumb/v7e-m\libc_nano.a(lib_a-exit.o)
 .text          0x0000000000000000        0x0 c:/st/stm32cubeide_1.2.0/stm32cubeide/plugins/com.st.stm32cube.ide.mcu.externaltools.gnu-tools-for-stm32.7-2018-q2-update.win32_1.0.0.201904181610/tools/bin/../lib/gcc/arm-none-eabi/7.3.1/../../../../arm-none-eabi/lib/thumb/v7e-m\libc_nano.a(lib_a-impure.o)
 .data          0x0000000000000000        0x0 c:/st/stm32cubeide_1.2.0/stm32cubeide/plugins/com.st.stm32cube.ide.mcu.externaltools.gnu-tools-for-stm32.7-2018-q2-update.win32_1.0.0.201904181610/tools/bin/../lib/gcc/arm-none-eabi/7.3.1/../../../../arm-none-eabi/lib/thumb/v7e-m\libc_nano.a(lib_a-impure.o)
 .bss           0x0000000000000000        0x0 c:/st/stm32cubeide_1.2.0/stm32cubeide/plugins/com.st.stm32cube.ide.mcu.externaltools.gnu-tools-for-stm32.7-2018-q2-update.win32_1.0.0.201904181610/tools/bin/../lib/gcc/arm-none-eabi/7.3.1/../../../../arm-none-eabi/lib/thumb/v7e-m\libc_nano.a(lib_a-impure.o)
 .data._impure_ptr
                0x0000000000000000        0x4 c:/st/stm32cubeide_1.2.0/stm32cubeide/plugins/com.st.stm32cube.ide.mcu.externaltools.gnu-tools-for-stm32.7-2018-q2-update.win32_1.0.0.201904181610/tools/bin/../lib/gcc/arm-none-eabi/7.3.1/../../../../arm-none-eabi/lib/thumb/v7e-m\libc_nano.a(lib_a-impure.o)
 .data.impure_data
                0x0000000000000000       0x60 c:/st/stm32cubeide_1.2.0/stm32cubeide/plugins/com.st.stm32cube.ide.mcu.externaltools.gnu-tools-for-stm32.7-2018-q2-update.win32_1.0.0.201904181610/tools/bin/../lib/gcc/arm-none-eabi/7.3.1/../../../../arm-none-eabi/lib/thumb/v7e-m\libc_nano.a(lib_a-impure.o)
 .rodata._global_impure_ptr
                0x0000000000000000        0x4 c:/st/stm32cubeide_1.2.0/stm32cubeide/plugins/com.st.stm32cube.ide.mcu.externaltools.gnu-tools-for-stm32.7-2018-q2-update.win32_1.0.0.201904181610/tools/bin/../lib/gcc/arm-none-eabi/7.3.1/../../../../arm-none-eabi/lib/thumb/v7e-m\libc_nano.a(lib_a-impure.o)
 .ARM.attributes
                0x0000000000000000       0x2e c:/st/stm32cubeide_1.2.0/stm32cubeide/plugins/com.st.stm32cube.ide.mcu.externaltools.gnu-tools-for-stm32.7-2018-q2-update.win32_1.0.0.201904181610/tools/bin/../lib/gcc/arm-none-eabi/7.3.1/../../../../arm-none-eabi/lib/thumb/v7e-m\libc_nano.a(lib_a-impure.o)
 .text          0x0000000000000000        0x0 c:/st/stm32cubeide_1.2.0/stm32cubeide/plugins/com.st.stm32cube.ide.mcu.externaltools.gnu-tools-for-stm32.7-2018-q2-update.win32_1.0.0.201904181610/tools/bin/../lib/gcc/arm-none-eabi/7.3.1/../../../../arm-none-eabi/lib/thumb/v7e-m\libc_nano.a(lib_a-init.o)
 .data          0x0000000000000000        0x0 c:/st/stm32cubeide_1.2.0/stm32cubeide/plugins/com.st.stm32cube.ide.mcu.externaltools.gnu-tools-for-stm32.7-2018-q2-update.win32_1.0.0.201904181610/tools/bin/../lib/gcc/arm-none-eabi/7.3.1/../../../../arm-none-eabi/lib/thumb/v7e-m\libc_nano.a(lib_a-init.o)
 .bss           0x0000000000000000        0x0 c:/st/stm32cubeide_1.2.0/stm32cubeide/plugins/com.st.stm32cube.ide.mcu.externaltools.gnu-tools-for-stm32.7-2018-q2-update.win32_1.0.0.201904181610/tools/bin/../lib/gcc/arm-none-eabi/7.3.1/../../../../arm-none-eabi/lib/thumb/v7e-m\libc_nano.a(lib_a-init.o)
 .text.__libc_init_array
                0x0000000000000000       0x48 c:/st/stm32cubeide_1.2.0/stm32cubeide/plugins/com.st.stm32cube.ide.mcu.externaltools.gnu-tools-for-stm32.7-2018-q2-update.win32_1.0.0.201904181610/tools/bin/../lib/gcc/arm-none-eabi/7.3.1/../../../../arm-none-eabi/lib/thumb/v7e-m\libc_nano.a(lib_a-init.o)
 .debug_frame   0x0000000000000000       0x2c c:/st/stm32cubeide_1.2.0/stm32cubeide/plugins/com.st.stm32cube.ide.mcu.externaltools.gnu-tools-for-stm32.7-2018-q2-update.win32_1.0.0.201904181610/tools/bin/../lib/gcc/arm-none-eabi/7.3.1/../../../../arm-none-eabi/lib/thumb/v7e-m\libc_nano.a(lib_a-init.o)
 .ARM.attributes
                0x0000000000000000       0x2e c:/st/stm32cubeide_1.2.0/stm32cubeide/plugins/com.st.stm32cube.ide.mcu.externaltools.gnu-tools-for-stm32.7-2018-q2-update.win32_1.0.0.201904181610/tools/bin/../lib/gcc/arm-none-eabi/7.3.1/../../../../arm-none-eabi/lib/thumb/v7e-m\libc_nano.a(lib_a-init.o)
 .text          0x0000000000000000        0x0 c:/st/stm32cubeide_1.2.0/stm32cubeide/plugins/com.st.stm32cube.ide.mcu.externaltools.gnu-tools-for-stm32.7-2018-q2-update.win32_1.0.0.201904181610/tools/bin/../lib/gcc/arm-none-eabi/7.3.1/../../../../arm-none-eabi/lib/thumb/v7e-m\libc_nano.a(lib_a-memset.o)
 .data          0x0000000000000000        0x0 c:/st/stm32cubeide_1.2.0/stm32cubeide/plugins/com.st.stm32cube.ide.mcu.externaltools.gnu-tools-for-stm32.7-2018-q2-update.win32_1.0.0.201904181610/tools/bin/../lib/gcc/arm-none-eabi/7.3.1/../../../../arm-none-eabi/lib/thumb/v7e-m\libc_nano.a(lib_a-memset.o)
 .bss           0x0000000000000000        0x0 c:/st/stm32cubeide_1.2.0/stm32cubeide/plugins/com.st.stm32cube.ide.mcu.externaltools.gnu-tools-for-stm32.7-2018-q2-update.win32_1.0.0.201904181610/tools/bin/../lib/gcc/arm-none-eabi/7.3.1/../../../../arm-none-eabi/lib/thumb/v7e-m\libc_nano.a(lib_a-memset.o)
 .text.memset   0x0000000000000000       0x10 c:/st/stm32cubeide_1.2.0/stm32cubeide/plugins/com.st.stm32cube.ide.mcu.externaltools.gnu-tools-for-stm32.7-2018-q2-update.win32_1.0.0.201904181610/tools/bin/../lib/gcc/arm-none-eabi/7.3.1/../../../../arm-none-eabi/lib/thumb/v7e-m\libc_nano.a(lib_a-memset.o)
 .debug_frame   0x0000000000000000       0x20 c:/st/stm32cubeide_1.2.0/stm32cubeide/plugins/com.st.stm32cube.ide.mcu.externaltools.gnu-tools-for-stm32.7-2018-q2-update.win32_1.0.0.201904181610/tools/bin/../lib/gcc/arm-none-eabi/7.3.1/../../../../arm-none-eabi/lib/thumb/v7e-m\libc_nano.a(lib_a-memset.o)
 .ARM.attributes
                0x0000000000000000       0x2e c:/st/stm32cubeide_1.2.0/stm32cubeide/plugins/com.st.stm32cube.ide.mcu.externaltools.gnu-tools-for-stm32.7-2018-q2-update.win32_1.0.0.201904181610/tools/bin/../lib/gcc/arm-none-eabi/7.3.1/../../../../arm-none-eabi/lib/thumb/v7e-m\libc_nano.a(lib_a-memset.o)
 .text          0x0000000000000000        0x0 c:/st/stm32cubeide_1.2.0/stm32cubeide/plugins/com.st.stm32cube.ide.mcu.externaltools.gnu-tools-for-stm32.7-2018-q2-update.win32_1.0.0.201904181610/tools/bin/../lib/gcc/arm-none-eabi/7.3.1/../../../../arm-none-eabi/lib/thumb/v7e-m\libnosys.a(_exit.o)
 .data          0x0000000000000000        0x0 c:/st/stm32cubeide_1.2.0/stm32cubeide/plugins/com.st.stm32cube.ide.mcu.externaltools.gnu-tools-for-stm32.7-2018-q2-update.win32_1.0.0.201904181610/tools/bin/../lib/gcc/arm-none-eabi/7.3.1/../../../../arm-none-eabi/lib/thumb/v7e-m\libnosys.a(_exit.o)
 .bss           0x0000000000000000        0x0 c:/st/stm32cubeide_1.2.0/stm32cubeide/plugins/com.st.stm32cube.ide.mcu.externaltools.gnu-tools-for-stm32.7-2018-q2-update.win32_1.0.0.201904181610/tools/bin/../lib/gcc/arm-none-eabi/7.3.1/../../../../arm-none-eabi/lib/thumb/v7e-m\libnosys.a(_exit.o)
 .text._exit    0x0000000000000000        0x2 c:/st/stm32cubeide_1.2.0/stm32cubeide/plugins/com.st.stm32cube.ide.mcu.externaltools.gnu-tools-for-stm32.7-2018-q2-update.win32_1.0.0.201904181610/tools/bin/../lib/gcc/arm-none-eabi/7.3.1/../../../../arm-none-eabi/lib/thumb/v7e-m\libnosys.a(_exit.o)
 .debug_frame   0x0000000000000000       0x20 c:/st/stm32cubeide_1.2.0/stm32cubeide/plugins/com.st.stm32cube.ide.mcu.externaltools.gnu-tools-for-stm32.7-2018-q2-update.win32_1.0.0.201904181610/tools/bin/../lib/gcc/arm-none-eabi/7.3.1/../../../../arm-none-eabi/lib/thumb/v7e-m\libnosys.a(_exit.o)
 .ARM.attributes
                0x0000000000000000       0x2e c:/st/stm32cubeide_1.2.0/stm32cubeide/plugins/com.st.stm32cube.ide.mcu.externaltools.gnu-tools-for-stm32.7-2018-q2-update.win32_1.0.0.201904181610/tools/bin/../lib/gcc/arm-none-eabi/7.3.1/../../../../arm-none-eabi/lib/thumb/v7e-m\libnosys.a(_exit.o)
 .text          0x0000000000000000        0x0 c:/st/stm32cubeide_1.2.0/stm32cubeide/plugins/com.st.stm32cube.ide.mcu.externaltools.gnu-tools-for-stm32.7-2018-q2-update.win32_1.0.0.201904181610/tools/bin/../lib/gcc/arm-none-eabi/7.3.1/thumb/v7e-m/crtend.o
 .data          0x0000000000000000        0x0 c:/st/stm32cubeide_1.2.0/stm32cubeide/plugins/com.st.stm32cube.ide.mcu.externaltools.gnu-tools-for-stm32.7-2018-q2-update.win32_1.0.0.201904181610/tools/bin/../lib/gcc/arm-none-eabi/7.3.1/thumb/v7e-m/crtend.o
 .bss           0x0000000000000000        0x0 c:/st/stm32cubeide_1.2.0/stm32cubeide/plugins/com.st.stm32cube.ide.mcu.externaltools.gnu-tools-for-stm32.7-2018-q2-update.win32_1.0.0.201904181610/tools/bin/../lib/gcc/arm-none-eabi/7.3.1/thumb/v7e-m/crtend.o
 .eh_frame      0x0000000000000000        0x4 c:/st/stm32cubeide_1.2.0/stm32cubeide/plugins/com.st.stm32cube.ide.mcu.externaltools.gnu-tools-for-stm32.7-2018-q2-update.win32_1.0.0.201904181610/tools/bin/../lib/gcc/arm-none-eabi/7.3.1/thumb/v7e-m/crtend.o
 .ARM.attributes
                0x0000000000000000       0x2e c:/st/stm32cubeide_1.2.0/stm32cubeide/plugins/com.st.stm32cube.ide.mcu.externaltools.gnu-tools-for-stm32.7-2018-q2-update.win32_1.0.0.201904181610/tools/bin/../lib/gcc/arm-none-eabi/7.3.1/thumb/v7e-m/crtend.o
 .text          0x0000000000000000        0x0 c:/st/stm32cubeide_1.2.0/stm32cubeide/plugins/com.st.stm32cube.ide.mcu.externaltools.gnu-tools-for-stm32.7-2018-q2-update.win32_1.0.0.201904181610/tools/bin/../lib/gcc/arm-none-eabi/7.3.1/thumb/v7e-m/crtn.o
 .data          0x0000000000000000        0x0 c:/st/stm32cubeide_1.2.0/stm32cubeide/plugins/com.st.stm32cube.ide.mcu.externaltools.gnu-tools-for-stm32.7-2018-q2-update.win32_1.0.0.201904181610/tools/bin/../lib/gcc/arm-none-eabi/7.3.1/thumb/v7e-m/crtn.o
 .bss           0x0000000000000000        0x0 c:/st/stm32cubeide_1.2.0/stm32cubeide/plugins/com.st.stm32cube.ide.mcu.externaltools.gnu-tools-for-stm32.7-2018-q2-update.win32_1.0.0.201904181610/tools/bin/../lib/gcc/arm-none-eabi/7.3.1/thumb/v7e-m/crtn.o

Memory Configuration

Name             Origin             Length             Attributes
RAM              0x0000000020000000 0x0000000000020000 xrw
ROM              0x0000000008000000 0x0000000000080000 xr
*default*        0x0000000000000000 0xffffffffffffffff

Linker script and memory map

LOAD c:/st/stm32cubeide_1.2.0/stm32cubeide/plugins/com.st.stm32cube.ide.mcu.externaltools.gnu-tools-for-stm32.7-2018-q2-update.win32_1.0.0.201904181610/tools/bin/../lib/gcc/arm-none-eabi/7.3.1/thumb/v7e-m/crti.o
LOAD c:/st/stm32cubeide_1.2.0/stm32cubeide/plugins/com.st.stm32cube.ide.mcu.externaltools.gnu-tools-for-stm32.7-2018-q2-update.win32_1.0.0.201904181610/tools/bin/../lib/gcc/arm-none-eabi/7.3.1/thumb/v7e-m/crtbegin.o
LOAD c:/st/stm32cubeide_1.2.0/stm32cubeide/plugins/com.st.stm32cube.ide.mcu.externaltools.gnu-tools-for-stm32.7-2018-q2-update.win32_1.0.0.201904181610/tools/bin/../lib/gcc/arm-none-eabi/7.3.1/../../../../arm-none-eabi/lib/thumb/v7e-m/crt0.o
LOAD Src/003led_button_ext.o
LOAD drivers/Src/gpio_driver.o
LOAD drivers/Src/i2c_driver.o
LOAD drivers/Src/rcc_driver.o
LOAD drivers/Src/spi_driver.o
LOAD drivers/Src/usart_driver.o
START GROUP
LOAD c:/st/stm32cubeide_1.2.0/stm32cubeide/plugins/com.st.stm32cube.ide.mcu.externaltools.gnu-tools-for-stm32.7-2018-q2-update.win32_1.0.0.201904181610/tools/bin/../lib/gcc/arm-none-eabi/7.3.1/../../../../arm-none-eabi/lib/thumb/v7e-m\libc_nano.a
LOAD c:/st/stm32cubeide_1.2.0/stm32cubeide/plugins/com.st.stm32cube.ide.mcu.externaltools.gnu-tools-for-stm32.7-2018-q2-update.win32_1.0.0.201904181610/tools/bin/../lib/gcc/arm-none-eabi/7.3.1/../../../../arm-none-eabi/lib/thumb/v7e-m\libm.a
END GROUP
START GROUP
LOAD c:/st/stm32cubeide_1.2.0/stm32cubeide/plugins/com.st.stm32cube.ide.mcu.externaltools.gnu-tools-for-stm32.7-2018-q2-update.win32_1.0.0.201904181610/tools/bin/../lib/gcc/arm-none-eabi/7.3.1/thumb/v7e-m\libgcc.a
LOAD c:/st/stm32cubeide_1.2.0/stm32cubeide/plugins/com.st.stm32cube.ide.mcu.externaltools.gnu-tools-for-stm32.7-2018-q2-update.win32_1.0.0.201904181610/tools/bin/../lib/gcc/arm-none-eabi/7.3.1/../../../../arm-none-eabi/lib/thumb/v7e-m\libc_nano.a
END GROUP
START GROUP
LOAD c:/st/stm32cubeide_1.2.0/stm32cubeide/plugins/com.st.stm32cube.ide.mcu.externaltools.gnu-tools-for-stm32.7-2018-q2-update.win32_1.0.0.201904181610/tools/bin/../lib/gcc/arm-none-eabi/7.3.1/thumb/v7e-m\libgcc.a
LOAD c:/st/stm32cubeide_1.2.0/stm32cubeide/plugins/com.st.stm32cube.ide.mcu.externaltools.gnu-tools-for-stm32.7-2018-q2-update.win32_1.0.0.201904181610/tools/bin/../lib/gcc/arm-none-eabi/7.3.1/../../../../arm-none-eabi/lib/thumb/v7e-m\libc_nano.a
LOAD c:/st/stm32cubeide_1.2.0/stm32cubeide/plugins/com.st.stm32cube.ide.mcu.externaltools.gnu-tools-for-stm32.7-2018-q2-update.win32_1.0.0.201904181610/tools/bin/../lib/gcc/arm-none-eabi/7.3.1/../../../../arm-none-eabi/lib/thumb/v7e-m\libnosys.a
END GROUP
START GROUP
LOAD c:/st/stm32cubeide_1.2.0/stm32cubeide/plugins/com.st.stm32cube.ide.mcu.externaltools.gnu-tools-for-stm32.7-2018-q2-update.win32_1.0.0.201904181610/tools/bin/../lib/gcc/arm-none-eabi/7.3.1/thumb/v7e-m\libgcc.a
LOAD c:/st/stm32cubeide_1.2.0/stm32cubeide/plugins/com.st.stm32cube.ide.mcu.externaltools.gnu-tools-for-stm32.7-2018-q2-update.win32_1.0.0.201904181610/tools/bin/../lib/gcc/arm-none-eabi/7.3.1/../../../../arm-none-eabi/lib/thumb/v7e-m\libc_nano.a
LOAD c:/st/stm32cubeide_1.2.0/stm32cubeide/plugins/com.st.stm32cube.ide.mcu.externaltools.gnu-tools-for-stm32.7-2018-q2-update.win32_1.0.0.201904181610/tools/bin/../lib/gcc/arm-none-eabi/7.3.1/../../../../arm-none-eabi/lib/thumb/v7e-m\libnosys.a
END GROUP
LOAD c:/st/stm32cubeide_1.2.0/stm32cubeide/plugins/com.st.stm32cube.ide.mcu.externaltools.gnu-tools-for-stm32.7-2018-q2-update.win32_1.0.0.201904181610/tools/bin/../lib/gcc/arm-none-eabi/7.3.1/thumb/v7e-m/crtend.o
LOAD c:/st/stm32cubeide_1.2.0/stm32cubeide/plugins/com.st.stm32cube.ide.mcu.externaltools.gnu-tools-for-stm32.7-2018-q2-update.win32_1.0.0.201904181610/tools/bin/../lib/gcc/arm-none-eabi/7.3.1/thumb/v7e-m/crtn.o
                0x0000000020020000                _estack = (ORIGIN (RAM) + LENGTH (RAM))
                0x0000000000000200                _Min_Heap_Size = 0x200
                0x0000000000000400                _Min_Stack_Size = 0x400

.isr_vector     0x0000000008000000        0x0
                0x0000000008000000                . = ALIGN (0x4)
 *(.isr_vector)
                0x0000000008000000                . = ALIGN (0x4)

.text           0x0000000008000000       0x58
                0x0000000008000000                . = ALIGN (0x4)
 *(.text)
 .text          0x0000000008000000       0x40 c:/st/stm32cubeide_1.2.0/stm32cubeide/plugins/com.st.stm32cube.ide.mcu.externaltools.gnu-tools-for-stm32.7-2018-q2-update.win32_1.0.0.201904181610/tools/bin/../lib/gcc/arm-none-eabi/7.3.1/thumb/v7e-m/crtbegin.o
 *(.text*)
 *(.glue_7)
 .glue_7        0x0000000008000040        0x0 linker stubs
 *(.glue_7t)
 .glue_7t       0x0000000008000040        0x0 linker stubs
 *(.eh_frame)
 .eh_frame      0x0000000008000040        0x0 c:/st/stm32cubeide_1.2.0/stm32cubeide/plugins/com.st.stm32cube.ide.mcu.externaltools.gnu-tools-for-stm32.7-2018-q2-update.win32_1.0.0.201904181610/tools/bin/../lib/gcc/arm-none-eabi/7.3.1/thumb/v7e-m/crtbegin.o
 *(.init)
 .init          0x0000000008000040        0x4 c:/st/stm32cubeide_1.2.0/stm32cubeide/plugins/com.st.stm32cube.ide.mcu.externaltools.gnu-tools-for-stm32.7-2018-q2-update.win32_1.0.0.201904181610/tools/bin/../lib/gcc/arm-none-eabi/7.3.1/thumb/v7e-m/crti.o
                0x0000000008000040                _init
 .init          0x0000000008000044        0x8 c:/st/stm32cubeide_1.2.0/stm32cubeide/plugins/com.st.stm32cube.ide.mcu.externaltools.gnu-tools-for-stm32.7-2018-q2-update.win32_1.0.0.201904181610/tools/bin/../lib/gcc/arm-none-eabi/7.3.1/thumb/v7e-m/crtn.o
 *(.fini)
 .fini          0x000000000800004c        0x4 c:/st/stm32cubeide_1.2.0/stm32cubeide/plugins/com.st.stm32cube.ide.mcu.externaltools.gnu-tools-for-stm32.7-2018-q2-update.win32_1.0.0.201904181610/tools/bin/../lib/gcc/arm-none-eabi/7.3.1/thumb/v7e-m/crti.o
                0x000000000800004c                _fini
 .fini          0x0000000008000050        0x8 c:/st/stm32cubeide_1.2.0/stm32cubeide/plugins/com.st.stm32cube.ide.mcu.externaltools.gnu-tools-for-stm32.7-2018-q2-update.win32_1.0.0.201904181610/tools/bin/../lib/gcc/arm-none-eabi/7.3.1/thumb/v7e-m/crtn.o
                0x0000000008000058                . = ALIGN (0x4)
                0x0000000008000058                _etext = .

.vfp11_veneer   0x0000000008000058        0x0
 .vfp11_veneer  0x0000000008000058        0x0 linker stubs

.v4_bx          0x0000000008000058        0x0
 .v4_bx         0x0000000008000058        0x0 linker stubs

.iplt           0x0000000008000058        0x0
 .iplt          0x0000000008000058        0x0 c:/st/stm32cubeide_1.2.0/stm32cubeide/plugins/com.st.stm32cube.ide.mcu.externaltools.gnu-tools-for-stm32.7-2018-q2-update.win32_1.0.0.201904181610/tools/bin/../lib/gcc/arm-none-eabi/7.3.1/thumb/v7e-m/crtbegin.o

.rel.dyn        0x0000000008000058        0x0
 .rel.iplt      0x0000000008000058        0x0 c:/st/stm32cubeide_1.2.0/stm32cubeide/plugins/com.st.stm32cube.ide.mcu.externaltools.gnu-tools-for-stm32.7-2018-q2-update.win32_1.0.0.201904181610/tools/bin/../lib/gcc/arm-none-eabi/7.3.1/thumb/v7e-m/crtbegin.o

.rodata         0x0000000008000058        0x0
                0x0000000008000058                . = ALIGN (0x4)
 *(.rodata)
 *(.rodata*)
                0x0000000008000058                . = ALIGN (0x4)

.ARM.extab      0x0000000008000058        0x0
                0x0000000008000058                . = ALIGN (0x4)
 *(.ARM.extab* .gnu.linkonce.armextab.*)
                0x0000000008000058                . = ALIGN (0x4)

.ARM            0x0000000008000058        0x0
                0x0000000008000058                . = ALIGN (0x4)
                0x0000000008000058                __exidx_start = .
 *(.ARM.exidx*)
                0x0000000008000058                __exidx_end = .
                0x0000000008000058                . = ALIGN (0x4)

.preinit_array  0x0000000008000058        0x0
                0x0000000008000058                . = ALIGN (0x4)
                0x0000000008000058                PROVIDE (__preinit_array_start = .)
 *(.preinit_array*)
                0x0000000008000058                PROVIDE (__preinit_array_end = .)
                0x0000000008000058                . = ALIGN (0x4)

.init_array     0x0000000008000058        0x4
                0x0000000008000058                . = ALIGN (0x4)
                0x0000000008000058                PROVIDE (__init_array_start = .)
 *(SORT_BY_NAME(.init_array.*))
 *(.init_array*)
 .init_array    0x0000000008000058        0x4 c:/st/stm32cubeide_1.2.0/stm32cubeide/plugins/com.st.stm32cube.ide.mcu.externaltools.gnu-tools-for-stm32.7-2018-q2-update.win32_1.0.0.201904181610/tools/bin/../lib/gcc/arm-none-eabi/7.3.1/thumb/v7e-m/crtbegin.o
                0x000000000800005c                PROVIDE (__init_array_end = .)
                0x000000000800005c                . = ALIGN (0x4)

.fini_array     0x000000000800005c        0x4
                0x000000000800005c                . = ALIGN (0x4)
                [!provide]                        PROVIDE (__fini_array_start = .)
 *(SORT_BY_NAME(.fini_array.*))
 *(.fini_array*)
 .fini_array    0x000000000800005c        0x4 c:/st/stm32cubeide_1.2.0/stm32cubeide/plugins/com.st.stm32cube.ide.mcu.externaltools.gnu-tools-for-stm32.7-2018-q2-update.win32_1.0.0.201904181610/tools/bin/../lib/gcc/arm-none-eabi/7.3.1/thumb/v7e-m/crtbegin.o
                [!provide]                        PROVIDE (__fini_array_end = .)
                0x0000000008000060                . = ALIGN (0x4)
                0x0000000008000060                _sidata = LOADADDR (.data)

.data           0x0000000020000000        0x0 load address 0x0000000008000060
                0x0000000020000000                . = ALIGN (0x4)
                0x0000000020000000                _sdata = .
 *(.data)
 *(.data*)
                0x0000000020000000                . = ALIGN (0x4)
                0x0000000020000000                _edata = .

.igot.plt       0x0000000020000000        0x0 load address 0x0000000008000060
 .igot.plt      0x0000000020000000        0x0 c:/st/stm32cubeide_1.2.0/stm32cubeide/plugins/com.st.stm32cube.ide.mcu.externaltools.gnu-tools-for-stm32.7-2018-q2-update.win32_1.0.0.201904181610/tools/bin/../lib/gcc/arm-none-eabi/7.3.1/thumb/v7e-m/crtbegin.o
                0x0000000020000000                . = ALIGN (0x4)

.bss            0x0000000020000000       0x1c load address 0x0000000008000060
                0x0000000020000000                _sbss = .
                0x0000000020000000                __bss_start__ = _sbss
 *(.bss)
 .bss           0x0000000020000000       0x1c c:/st/stm32cubeide_1.2.0/stm32cubeide/plugins/com.st.stm32cube.ide.mcu.externaltools.gnu-tools-for-stm32.7-2018-q2-update.win32_1.0.0.201904181610/tools/bin/../lib/gcc/arm-none-eabi/7.3.1/thumb/v7e-m/crtbegin.o
 *(.bss*)
 *(COMMON)
                0x000000002000001c                . = ALIGN (0x4)
                0x000000002000001c                _ebss = .
                0x000000002000001c                __bss_end__ = _ebss

._user_heap_stack
                0x000000002000001c      0x604 load address 0x0000000008000060
                0x0000000020000020                . = ALIGN (0x8)
 *fill*         0x000000002000001c        0x4 
                [!provide]                        PROVIDE (end = .)
                [!provide]                        PROVIDE (_end = .)
                0x0000000020000220                . = (. + _Min_Heap_Size)
 *fill*         0x0000000020000020      0x200 
                0x0000000020000620                . = (. + _Min_Stack_Size)
 *fill*         0x0000000020000220      0x400 
                0x0000000020000620                . = ALIGN (0x8)

/DISCARD/
 libc.a(*)
 libm.a(*)
 libgcc.a(*)

.ARM.attributes
                0x0000000000000000       0x2a
 *(.ARM.attributes)
 .ARM.attributes
                0x0000000000000000       0x1e c:/st/stm32cubeide_1.2.0/stm32cubeide/plugins/com.st.stm32cube.ide.mcu.externaltools.gnu-tools-for-stm32.7-2018-q2-update.win32_1.0.0.201904181610/tools/bin/../lib/gcc/arm-none-eabi/7.3.1/thumb/v7e-m/crti.o
 .ARM.attributes
                0x000000000000001e       0x2e c:/st/stm32cubeide_1.2.0/stm32cubeide/plugins/com.st.stm32cube.ide.mcu.externaltools.gnu-tools-for-stm32.7-2018-q2-update.win32_1.0.0.201904181610/tools/bin/../lib/gcc/arm-none-eabi/7.3.1/thumb/v7e-m/crtbegin.o
 .ARM.attributes
                0x000000000000004c       0x1e c:/st/stm32cubeide_1.2.0/stm32cubeide/plugins/com.st.stm32cube.ide.mcu.externaltools.gnu-tools-for-stm32.7-2018-q2-update.win32_1.0.0.201904181610/tools/bin/../lib/gcc/arm-none-eabi/7.3.1/thumb/v7e-m/crtn.o
OUTPUT(stm32f4xx_drivers.elf elf32-littlearm)
